[0.164s] DEBUG:colcon:Command line arguments: ['/usr/bin/colcon', 'build', '--symlink-install', '--packages-select', 'planning']
[0.164s] DEBUG:colcon:Parsed command line arguments: Namespace(log_base=None, log_level=None, verb_name='build', build_base='build', install_base='install', merge_install=False, symlink_install=True, test_result_base=None, continue_on_error=False, executor='parallel', parallel_workers=12, event_handlers=None, ignore_user_meta=False, metas=['./colcon.meta'], base_paths=['.'], packages_ignore=None, packages_ignore_regex=None, paths=None, packages_up_to=None, packages_up_to_regex=None, packages_above=None, packages_above_and_dependencies=None, packages_above_depth=None, packages_select_by_dep=None, packages_skip_by_dep=None, packages_skip_up_to=None, packages_select_build_failed=False, packages_skip_build_finished=False, packages_select_test_failures=False, packages_skip_test_passed=False, packages_select=['planning'], packages_skip=None, packages_select_regex=None, packages_skip_regex=None, packages_start=None, packages_end=None, cmake_args=None, cmake_target=None, cmake_target_skip_unavailable=False, cmake_clean_cache=False, cmake_clean_first=False, cmake_force_configure=False, ament_cmake_args=None, catkin_cmake_args=None, catkin_skip_building_tests=False, mixin_files=None, mixin=None, verb_parser=<colcon_mixin.mixin.mixin_argument.MixinArgumentDecorator object at 0x7cd5682f5a90>, verb_extension=<colcon_core.verb.build.BuildVerb object at 0x7cd5682f5340>, main=<bound method BuildVerb.main of <colcon_core.verb.build.BuildVerb object at 0x7cd5682f5340>>, mixin_verb=('build',))
[0.235s] Level 1:colcon.colcon_core.package_discovery:discover_packages(colcon_meta) check parameters
[0.235s] Level 1:colcon.colcon_core.package_discovery:discover_packages(recursive) check parameters
[0.235s] Level 1:colcon.colcon_core.package_discovery:discover_packages(ignore) check parameters
[0.235s] Level 1:colcon.colcon_core.package_discovery:discover_packages(path) check parameters
[0.235s] Level 1:colcon.colcon_core.package_discovery:discover_packages(colcon_meta) discover
[0.235s] Level 1:colcon.colcon_core.package_discovery:discover_packages(recursive) discover
[0.235s] INFO:colcon.colcon_core.package_discovery:Crawling recursively for packages in '/home/daniel/unb/droid/WORK2-2026'
[0.235s] Level 1:colcon.colcon_core.package_identification:_identify(.) by extensions ['ignore', 'ignore_ament_install']
[0.235s] Level 1:colcon.colcon_core.package_identification:_identify(.) by extension 'ignore'
[0.236s] Level 1:colcon.colcon_core.package_identification:_identify(.) by extension 'ignore_ament_install'
[0.236s] Level 1:colcon.colcon_core.package_identification:_identify(.) by extensions ['colcon_pkg']
[0.236s] Level 1:colcon.colcon_core.package_identification:_identify(.) by extension 'colcon_pkg'
[0.236s] Level 1:colcon.colcon_core.package_identification:_identify(.) by extensions ['colcon_meta']
[0.236s] Level 1:colcon.colcon_core.package_identification:_identify(.) by extension 'colcon_meta'
[0.236s] Level 1:colcon.colcon_core.package_identification:_identify(.) by extensions ['ros']
[0.236s] Level 1:colcon.colcon_core.package_identification:_identify(.) by extension 'ros'
[0.279s] Level 1:colcon.colcon_core.package_identification:_identify(.) by extensions ['cmake', 'python']
[0.279s] Level 1:colcon.colcon_core.package_identification:_identify(.) by extension 'cmake'
[0.279s] Level 1:colcon.colcon_core.package_identification:_identify(.) by extension 'python'
[0.279s] Level 1:colcon.colcon_core.package_identification:_identify(.) by extensions ['python_setup_py']
[0.279s] Level 1:colcon.colcon_core.package_identification:_identify(.) by extension 'python_setup_py'
[0.279s] Level 1:colcon.colcon_core.package_identification:_identify(build) by extensions ['ignore', 'ignore_ament_install']
[0.279s] Level 1:colcon.colcon_core.package_identification:_identify(build) by extension 'ignore'
[0.279s] Level 1:colcon.colcon_core.package_identification:_identify(build) ignored
[0.279s] Level 1:colcon.colcon_core.package_identification:_identify(install) by extensions ['ignore', 'ignore_ament_install']
[0.280s] Level 1:colcon.colcon_core.package_identification:_identify(install) by extension 'ignore'
[0.280s] Level 1:colcon.colcon_core.package_identification:_identify(install) ignored
[0.280s] Level 1:colcon.colcon_core.package_identification:_identify(log) by extensions ['ignore', 'ignore_ament_install']
[0.280s] Level 1:colcon.colcon_core.package_identification:_identify(log) by extension 'ignore'
[0.280s] Level 1:colcon.colcon_core.package_identification:_identify(log) ignored
[0.280s] Level 1:colcon.colcon_core.package_identification:_identify(src) by extensions ['ignore', 'ignore_ament_install']
[0.280s] Level 1:colcon.colcon_core.package_identification:_identify(src) by extension 'ignore'
[0.280s] Level 1:colcon.colcon_core.package_identification:_identify(src) by extension 'ignore_ament_install'
[0.280s] Level 1:colcon.colcon_core.package_identification:_identify(src) by extensions ['colcon_pkg']
[0.280s] Level 1:colcon.colcon_core.package_identification:_identify(src) by extension 'colcon_pkg'
[0.280s] Level 1:colcon.colcon_core.package_identification:_identify(src) by extensions ['colcon_meta']
[0.280s] Level 1:colcon.colcon_core.package_identification:_identify(src) by extension 'colcon_meta'
[0.281s] Level 1:colcon.colcon_core.package_identification:_identify(src) by extensions ['ros']
[0.281s] Level 1:colcon.colcon_core.package_identification:_identify(src) by extension 'ros'
[0.281s] Level 1:colcon.colcon_core.package_identification:_identify(src) by extensions ['cmake', 'python']
[0.281s] Level 1:colcon.colcon_core.package_identification:_identify(src) by extension 'cmake'
[0.281s] Level 1:colcon.colcon_core.package_identification:_identify(src) by extension 'python'
[0.281s] Level 1:colcon.colcon_core.package_identification:_identify(src) by extensions ['python_setup_py']
[0.281s] Level 1:colcon.colcon_core.package_identification:_identify(src) by extension 'python_setup_py'
[0.281s] Level 1:colcon.colcon_core.package_identification:_identify(src/garra_microros_pio) by extensions ['ignore', 'ignore_ament_install']
[0.281s] Level 1:colcon.colcon_core.package_identification:_identify(src/garra_microros_pio) by extension 'ignore'
[0.281s] Level 1:colcon.colcon_core.package_identification:_identify(src/garra_microros_pio) by extension 'ignore_ament_install'
[0.281s] Level 1:colcon.colcon_core.package_identification:_identify(src/garra_microros_pio) by extensions ['colcon_pkg']
[0.281s] Level 1:colcon.colcon_core.package_identification:_identify(src/garra_microros_pio) by extension 'colcon_pkg'
[0.281s] Level 1:colcon.colcon_core.package_identification:_identify(src/garra_microros_pio) by extensions ['colcon_meta']
[0.281s] Level 1:colcon.colcon_core.package_identification:_identify(src/garra_microros_pio) by extension 'colcon_meta'
[0.281s] Level 1:colcon.colcon_core.package_identification:_identify(src/garra_microros_pio) by extensions ['ros']
[0.281s] Level 1:colcon.colcon_core.package_identification:_identify(src/garra_microros_pio) by extension 'ros'
[0.282s] Level 1:colcon.colcon_core.package_identification:_identify(src/garra_microros_pio) by extensions ['cmake', 'python']
[0.282s] Level 1:colcon.colcon_core.package_identification:_identify(src/garra_microros_pio) by extension 'cmake'
[0.282s] Level 1:colcon.colcon_core.package_identification:_identify(src/garra_microros_pio) by extension 'python'
[0.282s] Level 1:colcon.colcon_core.package_identification:_identify(src/garra_microros_pio) by extensions ['python_setup_py']
[0.282s] Level 1:colcon.colcon_core.package_identification:_identify(src/garra_microros_pio) by extension 'python_setup_py'
[0.282s] Level 1:colcon.colcon_core.package_identification:_identify(src/garra_microros_pio/include) by extensions ['ignore', 'ignore_ament_install']
[0.282s] Level 1:colcon.colcon_core.package_identification:_identify(src/garra_microros_pio/include) by extension 'ignore'
[0.282s] Level 1:colcon.colcon_core.package_identification:_identify(src/garra_microros_pio/include) by extension 'ignore_ament_install'
[0.282s] Level 1:colcon.colcon_core.package_identification:_identify(src/garra_microros_pio/include) by extensions ['colcon_pkg']
[0.282s] Level 1:colcon.colcon_core.package_identification:_identify(src/garra_microros_pio/include) by extension 'colcon_pkg'
[0.282s] Level 1:colcon.colcon_core.package_identification:_identify(src/garra_microros_pio/include) by extensions ['colcon_meta']
[0.282s] Level 1:colcon.colcon_core.package_identification:_identify(src/garra_microros_pio/include) by extension 'colcon_meta'
[0.282s] Level 1:colcon.colcon_core.package_identification:_identify(src/garra_microros_pio/include) by extensions ['ros']
[0.282s] Level 1:colcon.colcon_core.package_identification:_identify(src/garra_microros_pio/include) by extension 'ros'
[0.283s] Level 1:colcon.colcon_core.package_identification:_identify(src/garra_microros_pio/include) by extensions ['cmake', 'python']
[0.283s] Level 1:colcon.colcon_core.package_identification:_identify(src/garra_microros_pio/include) by extension 'cmake'
[0.283s] Level 1:colcon.colcon_core.package_identification:_identify(src/garra_microros_pio/include) by extension 'python'
[0.283s] Level 1:colcon.colcon_core.package_identification:_identify(src/garra_microros_pio/include) by extensions ['python_setup_py']
[0.283s] Level 1:colcon.colcon_core.package_identification:_identify(src/garra_microros_pio/include) by extension 'python_setup_py'
[0.283s] Level 1:colcon.colcon_core.package_identification:_identify(src/garra_microros_pio/lib) by extensions ['ignore', 'ignore_ament_install']
[0.283s] Level 1:colcon.colcon_core.package_identification:_identify(src/garra_microros_pio/lib) by extension 'ignore'
[0.283s] Level 1:colcon.colcon_core.package_identification:_identify(src/garra_microros_pio/lib) by extension 'ignore_ament_install'
[0.283s] Level 1:colcon.colcon_core.package_identification:_identify(src/garra_microros_pio/lib) by extensions ['colcon_pkg']
[0.283s] Level 1:colcon.colcon_core.package_identification:_identify(src/garra_microros_pio/lib) by extension 'colcon_pkg'
[0.283s] Level 1:colcon.colcon_core.package_identification:_identify(src/garra_microros_pio/lib) by extensions ['colcon_meta']
[0.283s] Level 1:colcon.colcon_core.package_identification:_identify(src/garra_microros_pio/lib) by extension 'colcon_meta'
[0.283s] Level 1:colcon.colcon_core.package_identification:_identify(src/garra_microros_pio/lib) by extensions ['ros']
[0.283s] Level 1:colcon.colcon_core.package_identification:_identify(src/garra_microros_pio/lib) by extension 'ros'
[0.283s] Level 1:colcon.colcon_core.package_identification:_identify(src/garra_microros_pio/lib) by extensions ['cmake', 'python']
[0.284s] Level 1:colcon.colcon_core.package_identification:_identify(src/garra_microros_pio/lib) by extension 'cmake'
[0.284s] Level 1:colcon.colcon_core.package_identification:_identify(src/garra_microros_pio/lib) by extension 'python'
[0.284s] Level 1:colcon.colcon_core.package_identification:_identify(src/garra_microros_pio/lib) by extensions ['python_setup_py']
[0.284s] Level 1:colcon.colcon_core.package_identification:_identify(src/garra_microros_pio/lib) by extension 'python_setup_py'
[0.284s] Level 1:colcon.colcon_core.package_identification:_identify(src/garra_microros_pio/src) by extensions ['ignore', 'ignore_ament_install']
[0.284s] Level 1:colcon.colcon_core.package_identification:_identify(src/garra_microros_pio/src) by extension 'ignore'
[0.284s] Level 1:colcon.colcon_core.package_identification:_identify(src/garra_microros_pio/src) by extension 'ignore_ament_install'
[0.284s] Level 1:colcon.colcon_core.package_identification:_identify(src/garra_microros_pio/src) by extensions ['colcon_pkg']
[0.284s] Level 1:colcon.colcon_core.package_identification:_identify(src/garra_microros_pio/src) by extension 'colcon_pkg'
[0.284s] Level 1:colcon.colcon_core.package_identification:_identify(src/garra_microros_pio/src) by extensions ['colcon_meta']
[0.284s] Level 1:colcon.colcon_core.package_identification:_identify(src/garra_microros_pio/src) by extension 'colcon_meta'
[0.284s] Level 1:colcon.colcon_core.package_identification:_identify(src/garra_microros_pio/src) by extensions ['ros']
[0.284s] Level 1:colcon.colcon_core.package_identification:_identify(src/garra_microros_pio/src) by extension 'ros'
[0.284s] Level 1:colcon.colcon_core.package_identification:_identify(src/garra_microros_pio/src) by extensions ['cmake', 'python']
[0.284s] Level 1:colcon.colcon_core.package_identification:_identify(src/garra_microros_pio/src) by extension 'cmake'
[0.284s] Level 1:colcon.colcon_core.package_identification:_identify(src/garra_microros_pio/src) by extension 'python'
[0.285s] Level 1:colcon.colcon_core.package_identification:_identify(src/garra_microros_pio/src) by extensions ['python_setup_py']
[0.285s] Level 1:colcon.colcon_core.package_identification:_identify(src/garra_microros_pio/src) by extension 'python_setup_py'
[0.285s] Level 1:colcon.colcon_core.package_identification:_identify(src/garra_microros_pio/test) by extensions ['ignore', 'ignore_ament_install']
[0.285s] Level 1:colcon.colcon_core.package_identification:_identify(src/garra_microros_pio/test) by extension 'ignore'
[0.285s] Level 1:colcon.colcon_core.package_identification:_identify(src/garra_microros_pio/test) by extension 'ignore_ament_install'
[0.285s] Level 1:colcon.colcon_core.package_identification:_identify(src/garra_microros_pio/test) by extensions ['colcon_pkg']
[0.285s] Level 1:colcon.colcon_core.package_identification:_identify(src/garra_microros_pio/test) by extension 'colcon_pkg'
[0.285s] Level 1:colcon.colcon_core.package_identification:_identify(src/garra_microros_pio/test) by extensions ['colcon_meta']
[0.285s] Level 1:colcon.colcon_core.package_identification:_identify(src/garra_microros_pio/test) by extension 'colcon_meta'
[0.285s] Level 1:colcon.colcon_core.package_identification:_identify(src/garra_microros_pio/test) by extensions ['ros']
[0.285s] Level 1:colcon.colcon_core.package_identification:_identify(src/garra_microros_pio/test) by extension 'ros'
[0.285s] Level 1:colcon.colcon_core.package_identification:_identify(src/garra_microros_pio/test) by extensions ['cmake', 'python']
[0.285s] Level 1:colcon.colcon_core.package_identification:_identify(src/garra_microros_pio/test) by extension 'cmake'
[0.286s] Level 1:colcon.colcon_core.package_identification:_identify(src/garra_microros_pio/test) by extension 'python'
[0.286s] Level 1:colcon.colcon_core.package_identification:_identify(src/garra_microros_pio/test) by extensions ['python_setup_py']
[0.286s] Level 1:colcon.colcon_core.package_identification:_identify(src/garra_microros_pio/test) by extension 'python_setup_py'
[0.286s] Level 1:colcon.colcon_core.package_identification:_identify(src/planning) by extensions ['ignore', 'ignore_ament_install']
[0.286s] Level 1:colcon.colcon_core.package_identification:_identify(src/planning) by extension 'ignore'
[0.286s] Level 1:colcon.colcon_core.package_identification:_identify(src/planning) by extension 'ignore_ament_install'
[0.286s] Level 1:colcon.colcon_core.package_identification:_identify(src/planning) by extensions ['colcon_pkg']
[0.286s] Level 1:colcon.colcon_core.package_identification:_identify(src/planning) by extension 'colcon_pkg'
[0.286s] Level 1:colcon.colcon_core.package_identification:_identify(src/planning) by extensions ['colcon_meta']
[0.286s] Level 1:colcon.colcon_core.package_identification:_identify(src/planning) by extension 'colcon_meta'
[0.286s] Level 1:colcon.colcon_core.package_identification:_identify(src/planning) by extensions ['ros']
[0.286s] Level 1:colcon.colcon_core.package_identification:_identify(src/planning) by extension 'ros'
[0.290s] DEBUG:colcon.colcon_core.package_identification:Package 'src/planning' with type 'ros.ament_python' and name 'planning'
[0.290s] Level 1:colcon.colcon_core.package_discovery:discover_packages(recursive) using defaults
[0.290s] Level 1:colcon.colcon_core.package_discovery:discover_packages(ignore) discover
[0.290s] Level 1:colcon.colcon_core.package_discovery:discover_packages(ignore) using defaults
[0.290s] Level 1:colcon.colcon_core.package_discovery:discover_packages(path) discover
[0.290s] Level 1:colcon.colcon_core.package_discovery:discover_packages(path) using defaults
[0.323s] Level 5:colcon.colcon_core.verb:set package 'planning' build argument 'cmake_args' from command line to 'None'
[0.323s] Level 5:colcon.colcon_core.verb:set package 'planning' build argument 'cmake_target' from command line to 'None'
[0.323s] Level 5:colcon.colcon_core.verb:set package 'planning' build argument 'cmake_target_skip_unavailable' from command line to 'False'
[0.323s] Level 5:colcon.colcon_core.verb:set package 'planning' build argument 'cmake_clean_cache' from command line to 'False'
[0.323s] Level 5:colcon.colcon_core.verb:set package 'planning' build argument 'cmake_clean_first' from command line to 'False'
[0.323s] Level 5:colcon.colcon_core.verb:set package 'planning' build argument 'cmake_force_configure' from command line to 'False'
[0.323s] Level 5:colcon.colcon_core.verb:set package 'planning' build argument 'ament_cmake_args' from command line to 'None'
[0.323s] Level 5:colcon.colcon_core.verb:set package 'planning' build argument 'catkin_cmake_args' from command line to 'None'
[0.323s] Level 5:colcon.colcon_core.verb:set package 'planning' build argument 'catkin_skip_building_tests' from command line to 'False'
[0.323s] DEBUG:colcon.colcon_core.verb:Building package 'planning' with the following arguments: {'ament_cmake_args': None, 'build_base': '/home/daniel/unb/droid/WORK2-2026/build/planning', 'catkin_cmake_args': None, 'catkin_skip_building_tests': False, 'cmake_args': None, 'cmake_clean_cache': False, 'cmake_clean_first': False, 'cmake_force_configure': False, 'cmake_target': None, 'cmake_target_skip_unavailable': False, 'install_base': '/home/daniel/unb/droid/WORK2-2026/install/planning', 'merge_install': False, 'path': '/home/daniel/unb/droid/WORK2-2026/src/planning', 'symlink_install': True, 'test_result_base': None}
[0.324s] INFO:colcon.colcon_core.executor:Executing jobs using 'parallel' executor
[0.325s] DEBUG:colcon.colcon_parallel_executor.executor.parallel:run_until_complete
[0.325s] INFO:colcon.colcon_ros.task.ament_python.build:Building ROS package in '/home/daniel/unb/droid/WORK2-2026/src/planning' with build type 'ament_python'
[0.325s] Level 1:colcon.colcon_core.shell:create_environment_hook('planning', 'ament_prefix_path')
[0.330s] INFO:colcon.colcon_core.plugin_system:Skipping extension 'colcon_core.shell.bat': Not used on non-Windows systems
[0.331s] INFO:colcon.colcon_core.shell:Creating environment hook '/home/daniel/unb/droid/WORK2-2026/install/planning/share/planning/hook/ament_prefix_path.ps1'
[0.332s] INFO:colcon.colcon_core.shell:Creating environment descriptor '/home/daniel/unb/droid/WORK2-2026/install/planning/share/planning/hook/ament_prefix_path.dsv'
[0.333s] INFO:colcon.colcon_core.shell:Creating environment hook '/home/daniel/unb/droid/WORK2-2026/install/planning/share/planning/hook/ament_prefix_path.sh'
[0.334s] INFO:colcon.colcon_core.shell:Skip shell extension 'powershell' for command environment: Not usable outside of PowerShell
[0.334s] DEBUG:colcon.colcon_core.shell:Skip shell extension 'dsv' for command environment
[0.532s] INFO:colcon.colcon_core.task.python.build:Building Python package in '/home/daniel/unb/droid/WORK2-2026/src/planning'
[0.532s] INFO:colcon.colcon_core.shell:Skip shell extension 'powershell' for command environment: Not usable outside of PowerShell
[0.532s] DEBUG:colcon.colcon_core.shell:Skip shell extension 'dsv' for command environment
[1.131s] DEBUG:colcon.colcon_core.task.python.build:Available setuptools commands: saveopts, check, symlink_data, install_egg_info, upload, bdist_egg, install_scripts, test, bdist, bdist_dumb, build_ext, alias, setopt, build_clib, compile_catalog, sdist, develop, install_lib, register, init_catalog, bdist_rpm, upload_docs, install_data, build, easy_install, build_py, build_scripts, install, editable_wheel, egg_info, install_headers, extract_messages, rotate, update_catalog, clean, dist_info
[1.418s] DEBUG:colcon.colcon_core.task.python.build:Available setuptools 'develop' options: --version, --user, --site-dirs, --install-layout, --quiet, --egg-path, --index-url, --verbose, --exclude-scripts, --uninstall, --find-links, --help, --install-dir, --upgrade, --multi-version, --build-directory, --force-installation-into-system-dir, --no-user-cfg, --no-find-links, --script-dir, --zip-ok, --local-snapshots-ok, --dry-run, --allow-hosts, --prefix, --always-unzip, --record, --always-copy, --optimize, --editable, --no-deps
[1.421s] DEBUG:colcon.colcon_core.event_handler.log_command:Invoking command in '/home/daniel/unb/droid/WORK2-2026/build/planning': PS1=\[\e]0;\u@\h: \w\a\]${debian_chroot:+($debian_chroot)}\[\033[01;32m\]\u@\h\[\033[00m\]:\[\033[01;34m\]\w\[\033[00m\]\$ PYTHONPATH=/home/daniel/unb/droid/WORK2-2026/build/planning/prefix_override:/usr/lib/python3/dist-packages/colcon_core/task/python/colcon_distutils_commands:/home/daniel/unb/droid/WORK2-2026/install/planning/lib/python3.12/site-packages: /usr/bin/python3 -W ignore:setup.py install is deprecated -W ignore:easy_install command is deprecated setup.py develop --editable --build-directory /home/daniel/unb/droid/WORK2-2026/build/planning/build --no-deps symlink_data
[1.872s] Level 1:colcon.colcon_core.shell:create_environment_hook('planning', 'pythonpath_develop')
[1.873s] INFO:colcon.colcon_core.shell:Creating environment hook '/home/daniel/unb/droid/WORK2-2026/build/planning/share/planning/hook/pythonpath_develop.ps1'
[1.873s] DEBUG:colcon.colcon_core.event_handler.log_command:Invoked command in '/home/daniel/unb/droid/WORK2-2026/build/planning' returned '0': PS1=\[\e]0;\u@\h: \w\a\]${debian_chroot:+($debian_chroot)}\[\033[01;32m\]\u@\h\[\033[00m\]:\[\033[01;34m\]\w\[\033[00m\]\$ PYTHONPATH=/home/daniel/unb/droid/WORK2-2026/build/planning/prefix_override:/usr/lib/python3/dist-packages/colcon_core/task/python/colcon_distutils_commands:/home/daniel/unb/droid/WORK2-2026/install/planning/lib/python3.12/site-packages: /usr/bin/python3 -W ignore:setup.py install is deprecated -W ignore:easy_install command is deprecated setup.py develop --editable --build-directory /home/daniel/unb/droid/WORK2-2026/build/planning/build --no-deps symlink_data
[1.874s] INFO:colcon.colcon_core.shell:Creating environment descriptor '/home/daniel/unb/droid/WORK2-2026/build/planning/share/planning/hook/pythonpath_develop.dsv'
[1.874s] INFO:colcon.colcon_core.shell:Creating environment hook '/home/daniel/unb/droid/WORK2-2026/build/planning/share/planning/hook/pythonpath_develop.sh'
[1.881s] Level 1:colcon.colcon_core.environment:checking '/home/daniel/unb/droid/WORK2-2026/install/planning' for CMake module files
[1.882s] Level 1:colcon.colcon_core.environment:checking '/home/daniel/unb/droid/WORK2-2026/install/planning' for CMake config files
[1.883s] Level 1:colcon.colcon_core.environment:checking '/home/daniel/unb/droid/WORK2-2026/install/planning/lib'
[1.883s] Level 1:colcon.colcon_core.environment:checking '/home/daniel/unb/droid/WORK2-2026/install/planning/bin'
[1.883s] Level 1:colcon.colcon_core.environment:checking '/home/daniel/unb/droid/WORK2-2026/install/planning/lib/pkgconfig/planning.pc'
[1.884s] Level 1:colcon.colcon_core.environment:checking '/home/daniel/unb/droid/WORK2-2026/install/planning/lib/python3.12/site-packages'
[1.884s] Level 1:colcon.colcon_core.shell:create_environment_hook('planning', 'pythonpath')
[1.884s] INFO:colcon.colcon_core.shell:Creating environment hook '/home/daniel/unb/droid/WORK2-2026/install/planning/share/planning/hook/pythonpath.ps1'
[1.885s] INFO:colcon.colcon_core.shell:Creating environment descriptor '/home/daniel/unb/droid/WORK2-2026/install/planning/share/planning/hook/pythonpath.dsv'
[1.885s] INFO:colcon.colcon_core.shell:Creating environment hook '/home/daniel/unb/droid/WORK2-2026/install/planning/share/planning/hook/pythonpath.sh'
[1.886s] Level 1:colcon.colcon_core.environment:checking '/home/daniel/unb/droid/WORK2-2026/install/planning/bin'
[1.886s] Level 1:colcon.colcon_core.environment:create_environment_scripts_only(planning)
[1.886s] INFO:colcon.colcon_core.shell:Creating package script '/home/daniel/unb/droid/WORK2-2026/install/planning/share/planning/package.ps1'
[1.888s] INFO:colcon.colcon_core.shell:Creating package descriptor '/home/daniel/unb/droid/WORK2-2026/install/planning/share/planning/package.dsv'
[1.888s] INFO:colcon.colcon_core.shell:Creating package script '/home/daniel/unb/droid/WORK2-2026/install/planning/share/planning/package.sh'
[1.889s] INFO:colcon.colcon_core.shell:Creating package script '/home/daniel/unb/droid/WORK2-2026/install/planning/share/planning/package.bash'
[1.892s] INFO:colcon.colcon_core.shell:Creating package script '/home/daniel/unb/droid/WORK2-2026/install/planning/share/planning/package.zsh'
[1.893s] Level 1:colcon.colcon_core.environment:create_file_with_runtime_dependencies(/home/daniel/unb/droid/WORK2-2026/install/planning/share/colcon-core/packages/planning)
[1.893s] DEBUG:colcon.colcon_parallel_executor.executor.parallel:closing loop
[1.894s] DEBUG:colcon.colcon_parallel_executor.executor.parallel:loop closed
[1.894s] DEBUG:colcon.colcon_parallel_executor.executor.parallel:run_until_complete finished with '0'
[1.894s] DEBUG:colcon.colcon_core.event_reactor:joining thread
[1.908s] INFO:colcon.colcon_core.plugin_system:Skipping extension 'colcon_notification.desktop_notification.notify_send': Could not find 'notify-send'
[1.908s] INFO:colcon.colcon_core.plugin_system:Skipping extension 'colcon_notification.desktop_notification.terminal_notifier': Not used on non-Darwin systems
[1.909s] INFO:colcon.colcon_core.plugin_system:Skipping extension 'colcon_notification.desktop_notification.win32': Not used on non-Windows systems
[1.909s] INFO:colcon.colcon_notification.desktop_notification:Sending desktop notification using 'notify2'
[1.930s] DEBUG:colcon.colcon_core.event_reactor:joined thread
[1.930s] INFO:colcon.colcon_core.shell:Creating prefix script '/home/daniel/unb/droid/WORK2-2026/install/local_setup.ps1'
[1.932s] INFO:colcon.colcon_core.shell:Creating prefix util module '/home/daniel/unb/droid/WORK2-2026/install/_local_setup_util_ps1.py'
[1.933s] INFO:colcon.colcon_core.shell:Creating prefix chain script '/home/daniel/unb/droid/WORK2-2026/install/setup.ps1'
[1.935s] INFO:colcon.colcon_core.shell:Creating prefix script '/home/daniel/unb/droid/WORK2-2026/install/local_setup.sh'
[1.935s] INFO:colcon.colcon_core.shell:Creating prefix util module '/home/daniel/unb/droid/WORK2-2026/install/_local_setup_util_sh.py'
[1.936s] INFO:colcon.colcon_core.shell:Creating prefix chain script '/home/daniel/unb/droid/WORK2-2026/install/setup.sh'
[1.937s] INFO:colcon.colcon_core.shell:Creating prefix script '/home/daniel/unb/droid/WORK2-2026/install/local_setup.bash'
[1.938s] INFO:colcon.colcon_core.shell:Creating prefix chain script '/home/daniel/unb/droid/WORK2-2026/install/setup.bash'
[1.939s] INFO:colcon.colcon_core.shell:Creating prefix script '/home/daniel/unb/droid/WORK2-2026/install/local_setup.zsh'
[1.940s] INFO:colcon.colcon_core.shell:Creating prefix chain script '/home/daniel/unb/droid/WORK2-2026/install/setup.zsh'
