[0.128s] DEBUG:colcon:Command line arguments: ['/usr/bin/colcon', 'build', '--symlink-install', '--packages-select', 'planning']
[0.128s] DEBUG:colcon:Parsed command line arguments: Namespace(log_base=None, log_level=None, verb_name='build', build_base='build', install_base='install', merge_install=False, symlink_install=True, test_result_base=None, continue_on_error=False, executor='parallel', parallel_workers=12, event_handlers=None, ignore_user_meta=False, metas=['./colcon.meta'], base_paths=['.'], packages_ignore=None, packages_ignore_regex=None, paths=None, packages_up_to=None, packages_up_to_regex=None, packages_above=None, packages_above_and_dependencies=None, packages_above_depth=None, packages_select_by_dep=None, packages_skip_by_dep=None, packages_skip_up_to=None, packages_select_build_failed=False, packages_skip_build_finished=False, packages_select_test_failures=False, packages_skip_test_passed=False, packages_select=['planning'], packages_skip=None, packages_select_regex=None, packages_skip_regex=None, packages_start=None, packages_end=None, cmake_args=None, cmake_target=None, cmake_target_skip_unavailable=False, cmake_clean_cache=False, cmake_clean_first=False, cmake_force_configure=False, ament_cmake_args=None, catkin_cmake_args=None, catkin_skip_building_tests=False, mixin_files=None, mixin=None, verb_parser=<colcon_mixin.mixin.mixin_argument.MixinArgumentDecorator object at 0x770e83d075c0>, verb_extension=<colcon_core.verb.build.BuildVerb object at 0x770e83d070b0>, main=<bound method BuildVerb.main of <colcon_core.verb.build.BuildVerb object at 0x770e83d070b0>>, mixin_verb=('build',))
[0.178s] Level 1:colcon.colcon_core.package_discovery:discover_packages(colcon_meta) check parameters
[0.178s] Level 1:colcon.colcon_core.package_discovery:discover_packages(recursive) check parameters
[0.178s] Level 1:colcon.colcon_core.package_discovery:discover_packages(ignore) check parameters
[0.178s] Level 1:colcon.colcon_core.package_discovery:discover_packages(path) check parameters
[0.178s] Level 1:colcon.colcon_core.package_discovery:discover_packages(colcon_meta) discover
[0.178s] Level 1:colcon.colcon_core.package_discovery:discover_packages(recursive) discover
[0.178s] INFO:colcon.colcon_core.package_discovery:Crawling recursively for packages in '/home/daniel/unb/droid/WORK2-2026'
[0.178s] Level 1:colcon.colcon_core.package_identification:_identify(.) by extensions ['ignore', 'ignore_ament_install']
[0.178s] Level 1:colcon.colcon_core.package_identification:_identify(.) by extension 'ignore'
[0.179s] Level 1:colcon.colcon_core.package_identification:_identify(.) by extension 'ignore_ament_install'
[0.179s] Level 1:colcon.colcon_core.package_identification:_identify(.) by extensions ['colcon_pkg']
[0.179s] Level 1:colcon.colcon_core.package_identification:_identify(.) by extension 'colcon_pkg'
[0.179s] Level 1:colcon.colcon_core.package_identification:_identify(.) by extensions ['colcon_meta']
[0.179s] Level 1:colcon.colcon_core.package_identification:_identify(.) by extension 'colcon_meta'
[0.179s] Level 1:colcon.colcon_core.package_identification:_identify(.) by extensions ['ros']
[0.179s] Level 1:colcon.colcon_core.package_identification:_identify(.) by extension 'ros'
[0.209s] Level 1:colcon.colcon_core.package_identification:_identify(.) by extensions ['cmake', 'python']
[0.209s] Level 1:colcon.colcon_core.package_identification:_identify(.) by extension 'cmake'
[0.209s] Level 1:colcon.colcon_core.package_identification:_identify(.) by extension 'python'
[0.209s] Level 1:colcon.colcon_core.package_identification:_identify(.) by extensions ['python_setup_py']
[0.209s] Level 1:colcon.colcon_core.package_identification:_identify(.) by extension 'python_setup_py'
[0.209s] Level 1:colcon.colcon_core.package_identification:_identify(build) by extensions ['ignore', 'ignore_ament_install']
[0.209s] Level 1:colcon.colcon_core.package_identification:_identify(build) by extension 'ignore'
[0.210s] Level 1:colcon.colcon_core.package_identification:_identify(build) ignored
[0.210s] Level 1:colcon.colcon_core.package_identification:_identify(install) by extensions ['ignore', 'ignore_ament_install']
[0.210s] Level 1:colcon.colcon_core.package_identification:_identify(install) by extension 'ignore'
[0.210s] Level 1:colcon.colcon_core.package_identification:_identify(install) ignored
[0.210s] Level 1:colcon.colcon_core.package_identification:_identify(log) by extensions ['ignore', 'ignore_ament_install']
[0.210s] Level 1:colcon.colcon_core.package_identification:_identify(log) by extension 'ignore'
[0.210s] Level 1:colcon.colcon_core.package_identification:_identify(log) ignored
[0.210s] Level 1:colcon.colcon_core.package_identification:_identify(src) by extensions ['ignore', 'ignore_ament_install']
[0.210s] Level 1:colcon.colcon_core.package_identification:_identify(src) by extension 'ignore'
[0.211s] Level 1:colcon.colcon_core.package_identification:_identify(src) by extension 'ignore_ament_install'
[0.211s] Level 1:colcon.colcon_core.package_identification:_identify(src) by extensions ['colcon_pkg']
[0.211s] Level 1:colcon.colcon_core.package_identification:_identify(src) by extension 'colcon_pkg'
[0.211s] Level 1:colcon.colcon_core.package_identification:_identify(src) by extensions ['colcon_meta']
[0.211s] Level 1:colcon.colcon_core.package_identification:_identify(src) by extension 'colcon_meta'
[0.211s] Level 1:colcon.colcon_core.package_identification:_identify(src) by extensions ['ros']
[0.211s] Level 1:colcon.colcon_core.package_identification:_identify(src) by extension 'ros'
[0.211s] Level 1:colcon.colcon_core.package_identification:_identify(src) by extensions ['cmake', 'python']
[0.211s] Level 1:colcon.colcon_core.package_identification:_identify(src) by extension 'cmake'
[0.211s] Level 1:colcon.colcon_core.package_identification:_identify(src) by extension 'python'
[0.211s] Level 1:colcon.colcon_core.package_identification:_identify(src) by extensions ['python_setup_py']
[0.211s] Level 1:colcon.colcon_core.package_identification:_identify(src) by extension 'python_setup_py'
[0.211s] Level 1:colcon.colcon_core.package_identification:_identify(src/garra_microros_pio) by extensions ['ignore', 'ignore_ament_install']
[0.211s] Level 1:colcon.colcon_core.package_identification:_identify(src/garra_microros_pio) by extension 'ignore'
[0.211s] Level 1:colcon.colcon_core.package_identification:_identify(src/garra_microros_pio) by extension 'ignore_ament_install'
[0.212s] Level 1:colcon.colcon_core.package_identification:_identify(src/garra_microros_pio) by extensions ['colcon_pkg']
[0.212s] Level 1:colcon.colcon_core.package_identification:_identify(src/garra_microros_pio) by extension 'colcon_pkg'
[0.212s] Level 1:colcon.colcon_core.package_identification:_identify(src/garra_microros_pio) by extensions ['colcon_meta']
[0.212s] Level 1:colcon.colcon_core.package_identification:_identify(src/garra_microros_pio) by extension 'colcon_meta'
[0.212s] Level 1:colcon.colcon_core.package_identification:_identify(src/garra_microros_pio) by extensions ['ros']
[0.212s] Level 1:colcon.colcon_core.package_identification:_identify(src/garra_microros_pio) by extension 'ros'
[0.212s] Level 1:colcon.colcon_core.package_identification:_identify(src/garra_microros_pio) by extensions ['cmake', 'python']
[0.212s] Level 1:colcon.colcon_core.package_identification:_identify(src/garra_microros_pio) by extension 'cmake'
[0.212s] Level 1:colcon.colcon_core.package_identification:_identify(src/garra_microros_pio) by extension 'python'
[0.212s] Level 1:colcon.colcon_core.package_identification:_identify(src/garra_microros_pio) by extensions ['python_setup_py']
[0.212s] Level 1:colcon.colcon_core.package_identification:_identify(src/garra_microros_pio) by extension 'python_setup_py'
[0.212s] Level 1:colcon.colcon_core.package_identification:_identify(src/garra_microros_pio/include) by extensions ['ignore', 'ignore_ament_install']
[0.212s] Level 1:colcon.colcon_core.package_identification:_identify(src/garra_microros_pio/include) by extension 'ignore'
[0.212s] Level 1:colcon.colcon_core.package_identification:_identify(src/garra_microros_pio/include) by extension 'ignore_ament_install'
[0.212s] Level 1:colcon.colcon_core.package_identification:_identify(src/garra_microros_pio/include) by extensions ['colcon_pkg']
[0.212s] Level 1:colcon.colcon_core.package_identification:_identify(src/garra_microros_pio/include) by extension 'colcon_pkg'
[0.212s] Level 1:colcon.colcon_core.package_identification:_identify(src/garra_microros_pio/include) by extensions ['colcon_meta']
[0.213s] Level 1:colcon.colcon_core.package_identification:_identify(src/garra_microros_pio/include) by extension 'colcon_meta'
[0.213s] Level 1:colcon.colcon_core.package_identification:_identify(src/garra_microros_pio/include) by extensions ['ros']
[0.213s] Level 1:colcon.colcon_core.package_identification:_identify(src/garra_microros_pio/include) by extension 'ros'
[0.213s] Level 1:colcon.colcon_core.package_identification:_identify(src/garra_microros_pio/include) by extensions ['cmake', 'python']
[0.213s] Level 1:colcon.colcon_core.package_identification:_identify(src/garra_microros_pio/include) by extension 'cmake'
[0.213s] Level 1:colcon.colcon_core.package_identification:_identify(src/garra_microros_pio/include) by extension 'python'
[0.213s] Level 1:colcon.colcon_core.package_identification:_identify(src/garra_microros_pio/include) by extensions ['python_setup_py']
[0.213s] Level 1:colcon.colcon_core.package_identification:_identify(src/garra_microros_pio/include) by extension 'python_setup_py'
[0.213s] Level 1:colcon.colcon_core.package_identification:_identify(src/garra_microros_pio/lib) by extensions ['ignore', 'ignore_ament_install']
[0.213s] Level 1:colcon.colcon_core.package_identification:_identify(src/garra_microros_pio/lib) by extension 'ignore'
[0.213s] Level 1:colcon.colcon_core.package_identification:_identify(src/garra_microros_pio/lib) by extension 'ignore_ament_install'
[0.213s] Level 1:colcon.colcon_core.package_identification:_identify(src/garra_microros_pio/lib) by extensions ['colcon_pkg']
[0.213s] Level 1:colcon.colcon_core.package_identification:_identify(src/garra_microros_pio/lib) by extension 'colcon_pkg'
[0.213s] Level 1:colcon.colcon_core.package_identification:_identify(src/garra_microros_pio/lib) by extensions ['colcon_meta']
[0.213s] Level 1:colcon.colcon_core.package_identification:_identify(src/garra_microros_pio/lib) by extension 'colcon_meta'
[0.213s] Level 1:colcon.colcon_core.package_identification:_identify(src/garra_microros_pio/lib) by extensions ['ros']
[0.214s] Level 1:colcon.colcon_core.package_identification:_identify(src/garra_microros_pio/lib) by extension 'ros'
[0.214s] Level 1:colcon.colcon_core.package_identification:_identify(src/garra_microros_pio/lib) by extensions ['cmake', 'python']
[0.214s] Level 1:colcon.colcon_core.package_identification:_identify(src/garra_microros_pio/lib) by extension 'cmake'
[0.214s] Level 1:colcon.colcon_core.package_identification:_identify(src/garra_microros_pio/lib) by extension 'python'
[0.214s] Level 1:colcon.colcon_core.package_identification:_identify(src/garra_microros_pio/lib) by extensions ['python_setup_py']
[0.214s] Level 1:colcon.colcon_core.package_identification:_identify(src/garra_microros_pio/lib) by extension 'python_setup_py'
[0.214s] Level 1:colcon.colcon_core.package_identification:_identify(src/garra_microros_pio/src) by extensions ['ignore', 'ignore_ament_install']
[0.214s] Level 1:colcon.colcon_core.package_identification:_identify(src/garra_microros_pio/src) by extension 'ignore'
[0.214s] Level 1:colcon.colcon_core.package_identification:_identify(src/garra_microros_pio/src) by extension 'ignore_ament_install'
[0.214s] Level 1:colcon.colcon_core.package_identification:_identify(src/garra_microros_pio/src) by extensions ['colcon_pkg']
[0.214s] Level 1:colcon.colcon_core.package_identification:_identify(src/garra_microros_pio/src) by extension 'colcon_pkg'
[0.214s] Level 1:colcon.colcon_core.package_identification:_identify(src/garra_microros_pio/src) by extensions ['colcon_meta']
[0.214s] Level 1:colcon.colcon_core.package_identification:_identify(src/garra_microros_pio/src) by extension 'colcon_meta'
[0.214s] Level 1:colcon.colcon_core.package_identification:_identify(src/garra_microros_pio/src) by extensions ['ros']
[0.214s] Level 1:colcon.colcon_core.package_identification:_identify(src/garra_microros_pio/src) by extension 'ros'
[0.214s] Level 1:colcon.colcon_core.package_identification:_identify(src/garra_microros_pio/src) by extensions ['cmake', 'python']
[0.214s] Level 1:colcon.colcon_core.package_identification:_identify(src/garra_microros_pio/src) by extension 'cmake'
[0.215s] Level 1:colcon.colcon_core.package_identification:_identify(src/garra_microros_pio/src) by extension 'python'
[0.215s] Level 1:colcon.colcon_core.package_identification:_identify(src/garra_microros_pio/src) by extensions ['python_setup_py']
[0.215s] Level 1:colcon.colcon_core.package_identification:_identify(src/garra_microros_pio/src) by extension 'python_setup_py'
[0.215s] Level 1:colcon.colcon_core.package_identification:_identify(src/garra_microros_pio/test) by extensions ['ignore', 'ignore_ament_install']
[0.215s] Level 1:colcon.colcon_core.package_identification:_identify(src/garra_microros_pio/test) by extension 'ignore'
[0.215s] Level 1:colcon.colcon_core.package_identification:_identify(src/garra_microros_pio/test) by extension 'ignore_ament_install'
[0.215s] Level 1:colcon.colcon_core.package_identification:_identify(src/garra_microros_pio/test) by extensions ['colcon_pkg']
[0.215s] Level 1:colcon.colcon_core.package_identification:_identify(src/garra_microros_pio/test) by extension 'colcon_pkg'
[0.215s] Level 1:colcon.colcon_core.package_identification:_identify(src/garra_microros_pio/test) by extensions ['colcon_meta']
[0.215s] Level 1:colcon.colcon_core.package_identification:_identify(src/garra_microros_pio/test) by extension 'colcon_meta'
[0.215s] Level 1:colcon.colcon_core.package_identification:_identify(src/garra_microros_pio/test) by extensions ['ros']
[0.215s] Level 1:colcon.colcon_core.package_identification:_identify(src/garra_microros_pio/test) by extension 'ros'
[0.215s] Level 1:colcon.colcon_core.package_identification:_identify(src/garra_microros_pio/test) by extensions ['cmake', 'python']
[0.215s] Level 1:colcon.colcon_core.package_identification:_identify(src/garra_microros_pio/test) by extension 'cmake'
[0.215s] Level 1:colcon.colcon_core.package_identification:_identify(src/garra_microros_pio/test) by extension 'python'
[0.215s] Level 1:colcon.colcon_core.package_identification:_identify(src/garra_microros_pio/test) by extensions ['python_setup_py']
[0.215s] Level 1:colcon.colcon_core.package_identification:_identify(src/garra_microros_pio/test) by extension 'python_setup_py'
[0.216s] Level 1:colcon.colcon_core.package_identification:_identify(src/planning) by extensions ['ignore', 'ignore_ament_install']
[0.216s] Level 1:colcon.colcon_core.package_identification:_identify(src/planning) by extension 'ignore'
[0.216s] Level 1:colcon.colcon_core.package_identification:_identify(src/planning) by extension 'ignore_ament_install'
[0.216s] Level 1:colcon.colcon_core.package_identification:_identify(src/planning) by extensions ['colcon_pkg']
[0.216s] Level 1:colcon.colcon_core.package_identification:_identify(src/planning) by extension 'colcon_pkg'
[0.216s] Level 1:colcon.colcon_core.package_identification:_identify(src/planning) by extensions ['colcon_meta']
[0.216s] Level 1:colcon.colcon_core.package_identification:_identify(src/planning) by extension 'colcon_meta'
[0.216s] Level 1:colcon.colcon_core.package_identification:_identify(src/planning) by extensions ['ros']
[0.216s] Level 1:colcon.colcon_core.package_identification:_identify(src/planning) by extension 'ros'
[0.219s] DEBUG:colcon.colcon_core.package_identification:Package 'src/planning' with type 'ros.ament_python' and name 'planning'
[0.219s] Level 1:colcon.colcon_core.package_discovery:discover_packages(recursive) using defaults
[0.219s] Level 1:colcon.colcon_core.package_discovery:discover_packages(ignore) discover
[0.219s] Level 1:colcon.colcon_core.package_discovery:discover_packages(ignore) using defaults
[0.219s] Level 1:colcon.colcon_core.package_discovery:discover_packages(path) discover
[0.219s] Level 1:colcon.colcon_core.package_discovery:discover_packages(path) using defaults
[0.241s] Level 5:colcon.colcon_core.verb:set package 'planning' build argument 'cmake_args' from command line to 'None'
[0.241s] Level 5:colcon.colcon_core.verb:set package 'planning' build argument 'cmake_target' from command line to 'None'
[0.241s] Level 5:colcon.colcon_core.verb:set package 'planning' build argument 'cmake_target_skip_unavailable' from command line to 'False'
[0.241s] Level 5:colcon.colcon_core.verb:set package 'planning' build argument 'cmake_clean_cache' from command line to 'False'
[0.241s] Level 5:colcon.colcon_core.verb:set package 'planning' build argument 'cmake_clean_first' from command line to 'False'
[0.241s] Level 5:colcon.colcon_core.verb:set package 'planning' build argument 'cmake_force_configure' from command line to 'False'
[0.241s] Level 5:colcon.colcon_core.verb:set package 'planning' build argument 'ament_cmake_args' from command line to 'None'
[0.241s] Level 5:colcon.colcon_core.verb:set package 'planning' build argument 'catkin_cmake_args' from command line to 'None'
[0.241s] Level 5:colcon.colcon_core.verb:set package 'planning' build argument 'catkin_skip_building_tests' from command line to 'False'
[0.241s] DEBUG:colcon.colcon_core.verb:Building package 'planning' with the following arguments: {'ament_cmake_args': None, 'build_base': '/home/daniel/unb/droid/WORK2-2026/build/planning', 'catkin_cmake_args': None, 'catkin_skip_building_tests': False, 'cmake_args': None, 'cmake_clean_cache': False, 'cmake_clean_first': False, 'cmake_force_configure': False, 'cmake_target': None, 'cmake_target_skip_unavailable': False, 'install_base': '/home/daniel/unb/droid/WORK2-2026/install/planning', 'merge_install': False, 'path': '/home/daniel/unb/droid/WORK2-2026/src/planning', 'symlink_install': True, 'test_result_base': None}
[0.241s] INFO:colcon.colcon_core.executor:Executing jobs using 'parallel' executor
[0.243s] DEBUG:colcon.colcon_parallel_executor.executor.parallel:run_until_complete
[0.243s] INFO:colcon.colcon_ros.task.ament_python.build:Building ROS package in '/home/daniel/unb/droid/WORK2-2026/src/planning' with build type 'ament_python'
[0.243s] Level 1:colcon.colcon_core.shell:create_environment_hook('planning', 'ament_prefix_path')
[0.246s] INFO:colcon.colcon_core.plugin_system:Skipping extension 'colcon_core.shell.bat': Not used on non-Windows systems
[0.246s] INFO:colcon.colcon_core.shell:Creating environment hook '/home/daniel/unb/droid/WORK2-2026/install/planning/share/planning/hook/ament_prefix_path.ps1'
[0.247s] INFO:colcon.colcon_core.shell:Creating environment descriptor '/home/daniel/unb/droid/WORK2-2026/install/planning/share/planning/hook/ament_prefix_path.dsv'
[0.248s] INFO:colcon.colcon_core.shell:Creating environment hook '/home/daniel/unb/droid/WORK2-2026/install/planning/share/planning/hook/ament_prefix_path.sh'
[0.248s] INFO:colcon.colcon_core.shell:Skip shell extension 'powershell' for command environment: Not usable outside of PowerShell
[0.248s] DEBUG:colcon.colcon_core.shell:Skip shell extension 'dsv' for command environment
[0.515s] INFO:colcon.colcon_core.task.python.build:Building Python package in '/home/daniel/unb/droid/WORK2-2026/src/planning'
[0.515s] INFO:colcon.colcon_core.shell:Skip shell extension 'powershell' for command environment: Not usable outside of PowerShell
[0.515s] DEBUG:colcon.colcon_core.shell:Skip shell extension 'dsv' for command environment
[1.273s] DEBUG:colcon.colcon_core.task.python.build:Available setuptools commands: egg_info, extract_messages, symlink_data, build_scripts, register, setopt, update_catalog, saveopts, upload, install_headers, check, install_lib, sdist, test, build_ext, install_data, build_clib, init_catalog, develop, install, build, bdist_egg, upload_docs, clean, alias, editable_wheel, bdist_dumb, easy_install, compile_catalog, install_scripts, bdist, bdist_rpm, dist_info, build_py, install_egg_info, rotate
[1.684s] DEBUG:colcon.colcon_core.task.python.build:Available setuptools 'develop' options: --no-user-cfg, --multi-version, --script-dir, --record, --uninstall, --no-deps, --index-url, --optimize, --editable, --always-copy, --build-directory, --no-find-links, --egg-path, --install-dir, --find-links, --install-layout, --upgrade, --dry-run, --zip-ok, --site-dirs, --exclude-scripts, --user, --version, --verbose, --always-unzip, --prefix, --force-installation-into-system-dir, --help, --quiet, --local-snapshots-ok, --allow-hosts
[1.689s] DEBUG:colcon.colcon_core.event_handler.log_command:Invoking command in '/home/daniel/unb/droid/WORK2-2026/build/planning': PS1=\[\e]0;\u@\h: \w\a\]${debian_chroot:+($debian_chroot)}\[\033[01;32m\]\u@\h\[\033[00m\]:\[\033[01;34m\]\w\[\033[00m\]\$ PYTHONPATH=/home/daniel/unb/droid/WORK2-2026/build/planning/prefix_override:/usr/lib/python3/dist-packages/colcon_core/task/python/colcon_distutils_commands:/home/daniel/unb/droid/WORK2-2026/install/planning/lib/python3.12/site-packages:${PYTHONPATH} /usr/bin/python3 -W ignore:setup.py install is deprecated -W ignore:easy_install command is deprecated setup.py develop --editable --build-directory /home/daniel/unb/droid/WORK2-2026/build/planning/build --no-deps symlink_data
[2.479s] Level 1:colcon.colcon_core.shell:create_environment_hook('planning', 'pythonpath_develop')
[2.479s] INFO:colcon.colcon_core.shell:Creating environment hook '/home/daniel/unb/droid/WORK2-2026/build/planning/share/planning/hook/pythonpath_develop.ps1'
[2.480s] DEBUG:colcon.colcon_core.event_handler.log_command:Invoked command in '/home/daniel/unb/droid/WORK2-2026/build/planning' returned '0': PS1=\[\e]0;\u@\h: \w\a\]${debian_chroot:+($debian_chroot)}\[\033[01;32m\]\u@\h\[\033[00m\]:\[\033[01;34m\]\w\[\033[00m\]\$ PYTHONPATH=/home/daniel/unb/droid/WORK2-2026/build/planning/prefix_override:/usr/lib/python3/dist-packages/colcon_core/task/python/colcon_distutils_commands:/home/daniel/unb/droid/WORK2-2026/install/planning/lib/python3.12/site-packages:${PYTHONPATH} /usr/bin/python3 -W ignore:setup.py install is deprecated -W ignore:easy_install command is deprecated setup.py develop --editable --build-directory /home/daniel/unb/droid/WORK2-2026/build/planning/build --no-deps symlink_data
[2.480s] INFO:colcon.colcon_core.shell:Creating environment descriptor '/home/daniel/unb/droid/WORK2-2026/build/planning/share/planning/hook/pythonpath_develop.dsv'
[2.481s] INFO:colcon.colcon_core.shell:Creating environment hook '/home/daniel/unb/droid/WORK2-2026/build/planning/share/planning/hook/pythonpath_develop.sh'
[2.484s] Level 1:colcon.colcon_core.environment:checking '/home/daniel/unb/droid/WORK2-2026/install/planning' for CMake module files
[2.485s] Level 1:colcon.colcon_core.environment:checking '/home/daniel/unb/droid/WORK2-2026/install/planning' for CMake config files
[2.486s] Level 1:colcon.colcon_core.environment:checking '/home/daniel/unb/droid/WORK2-2026/install/planning/lib'
[2.486s] Level 1:colcon.colcon_core.environment:checking '/home/daniel/unb/droid/WORK2-2026/install/planning/bin'
[2.486s] Level 1:colcon.colcon_core.environment:checking '/home/daniel/unb/droid/WORK2-2026/install/planning/lib/pkgconfig/planning.pc'
[2.486s] Level 1:colcon.colcon_core.environment:checking '/home/daniel/unb/droid/WORK2-2026/install/planning/lib/python3.12/site-packages'
[2.487s] Level 1:colcon.colcon_core.shell:create_environment_hook('planning', 'pythonpath')
[2.487s] INFO:colcon.colcon_core.shell:Creating environment hook '/home/daniel/unb/droid/WORK2-2026/install/planning/share/planning/hook/pythonpath.ps1'
[2.487s] INFO:colcon.colcon_core.shell:Creating environment descriptor '/home/daniel/unb/droid/WORK2-2026/install/planning/share/planning/hook/pythonpath.dsv'
[2.488s] INFO:colcon.colcon_core.shell:Creating environment hook '/home/daniel/unb/droid/WORK2-2026/install/planning/share/planning/hook/pythonpath.sh'
[2.489s] Level 1:colcon.colcon_core.environment:checking '/home/daniel/unb/droid/WORK2-2026/install/planning/bin'
[2.489s] Level 1:colcon.colcon_core.environment:create_environment_scripts_only(planning)
[2.489s] INFO:colcon.colcon_core.shell:Creating package script '/home/daniel/unb/droid/WORK2-2026/install/planning/share/planning/package.ps1'
[2.490s] INFO:colcon.colcon_core.shell:Creating package descriptor '/home/daniel/unb/droid/WORK2-2026/install/planning/share/planning/package.dsv'
[2.491s] INFO:colcon.colcon_core.shell:Creating package script '/home/daniel/unb/droid/WORK2-2026/install/planning/share/planning/package.sh'
[2.492s] INFO:colcon.colcon_core.shell:Creating package script '/home/daniel/unb/droid/WORK2-2026/install/planning/share/planning/package.bash'
[2.493s] INFO:colcon.colcon_core.shell:Creating package script '/home/daniel/unb/droid/WORK2-2026/install/planning/share/planning/package.zsh'
[2.493s] Level 1:colcon.colcon_core.environment:create_file_with_runtime_dependencies(/home/daniel/unb/droid/WORK2-2026/install/planning/share/colcon-core/packages/planning)
[2.494s] DEBUG:colcon.colcon_parallel_executor.executor.parallel:closing loop
[2.494s] DEBUG:colcon.colcon_parallel_executor.executor.parallel:loop closed
[2.495s] DEBUG:colcon.colcon_parallel_executor.executor.parallel:run_until_complete finished with '0'
[2.495s] DEBUG:colcon.colcon_core.event_reactor:joining thread
[2.503s] INFO:colcon.colcon_core.plugin_system:Skipping extension 'colcon_notification.desktop_notification.notify_send': Could not find 'notify-send'
[2.503s] INFO:colcon.colcon_core.plugin_system:Skipping extension 'colcon_notification.desktop_notification.terminal_notifier': Not used on non-Darwin systems
[2.503s] INFO:colcon.colcon_core.plugin_system:Skipping extension 'colcon_notification.desktop_notification.win32': Not used on non-Windows systems
[2.503s] INFO:colcon.colcon_notification.desktop_notification:Sending desktop notification using 'notify2'
[2.517s] DEBUG:colcon.colcon_core.event_reactor:joined thread
[2.517s] INFO:colcon.colcon_core.shell:Creating prefix script '/home/daniel/unb/droid/WORK2-2026/install/local_setup.ps1'
[2.518s] INFO:colcon.colcon_core.shell:Creating prefix util module '/home/daniel/unb/droid/WORK2-2026/install/_local_setup_util_ps1.py'
[2.520s] INFO:colcon.colcon_core.shell:Creating prefix chain script '/home/daniel/unb/droid/WORK2-2026/install/setup.ps1'
[2.521s] INFO:colcon.colcon_core.shell:Creating prefix script '/home/daniel/unb/droid/WORK2-2026/install/local_setup.sh'
[2.522s] INFO:colcon.colcon_core.shell:Creating prefix util module '/home/daniel/unb/droid/WORK2-2026/install/_local_setup_util_sh.py'
[2.522s] INFO:colcon.colcon_core.shell:Creating prefix chain script '/home/daniel/unb/droid/WORK2-2026/install/setup.sh'
[2.524s] INFO:colcon.colcon_core.shell:Creating prefix script '/home/daniel/unb/droid/WORK2-2026/install/local_setup.bash'
[2.524s] INFO:colcon.colcon_core.shell:Creating prefix chain script '/home/daniel/unb/droid/WORK2-2026/install/setup.bash'
[2.525s] INFO:colcon.colcon_core.shell:Creating prefix script '/home/daniel/unb/droid/WORK2-2026/install/local_setup.zsh'
[2.526s] INFO:colcon.colcon_core.shell:Creating prefix chain script '/home/daniel/unb/droid/WORK2-2026/install/setup.zsh'
