[1.426s] Invoking command in '/home/daniel/unb/droid/WORK2-2026/build/planning': PS1=\[\e]0;\u@\h: \w\a\]${debian_chroot:+($debian_chroot)}\[\033[01;32m\]\u@\h\[\033[00m\]:\[\033[01;34m\]\w\[\033[00m\]\$ PYTHONPATH=/home/daniel/unb/droid/WORK2-2026/build/planning/prefix_override:/usr/lib/python3/dist-packages/colcon_core/task/python/colcon_distutils_commands:/home/daniel/unb/droid/WORK2-2026/install/planning/lib/python3.12/site-packages:${PYTHONPATH} /usr/bin/python3 -W ignore:setup.py install is deprecated -W ignore:easy_install command is deprecated setup.py develop --editable --build-directory /home/daniel/unb/droid/WORK2-2026/build/planning/build --no-deps symlink_data
[1.834s] running develop
[2.084s] running egg_info
[2.111s] writing planning.egg-info/PKG-INFO
[2.111s] writing dependency_links to planning.egg-info/dependency_links.txt
[2.112s] writing entry points to planning.egg-info/entry_points.txt
[2.112s] writing requirements to planning.egg-info/requires.txt
[2.112s] writing top-level names to planning.egg-info/top_level.txt
[2.160s] reading manifest file 'planning.egg-info/SOURCES.txt'
[2.161s] writing manifest file 'planning.egg-info/SOURCES.txt'
[2.186s] running build_ext
[2.186s] Creating /home/daniel/unb/droid/WORK2-2026/install/planning/lib/python3.12/site-packages/planning.egg-link (link to .)
[2.187s] Installing move_action script to /home/daniel/unb/droid/WORK2-2026/install/planning/lib/planning
[2.187s] Installing pick_from_container_action script to /home/daniel/unb/droid/WORK2-2026/install/planning/lib/planning
[2.187s] Installing pick_from_location_action script to /home/daniel/unb/droid/WORK2-2026/install/planning/lib/planning
[2.187s] Installing place_at_location_action script to /home/daniel/unb/droid/WORK2-2026/install/planning/lib/planning
[2.188s] Installing place_in_container_action script to /home/daniel/unb/droid/WORK2-2026/install/planning/lib/planning
[2.188s] Installing planning_controller script to /home/daniel/unb/droid/WORK2-2026/install/planning/lib/planning
[2.188s] Installing stack_action script to /home/daniel/unb/droid/WORK2-2026/install/planning/lib/planning
[2.188s] Installing unstack_action script to /home/daniel/unb/droid/WORK2-2026/install/planning/lib/planning
[2.189s] 
[2.189s] Installed /home/daniel/unb/droid/WORK2-2026/build/planning
[2.189s] running symlink_data
[2.222s] Invoked command in '/home/daniel/unb/droid/WORK2-2026/build/planning' returned '0': PS1=\[\e]0;\u@\h: \w\a\]${debian_chroot:+($debian_chroot)}\[\033[01;32m\]\u@\h\[\033[00m\]:\[\033[01;34m\]\w\[\033[00m\]\$ PYTHONPATH=/home/daniel/unb/droid/WORK2-2026/build/planning/prefix_override:/usr/lib/python3/dist-packages/colcon_core/task/python/colcon_distutils_commands:/home/daniel/unb/droid/WORK2-2026/install/planning/lib/python3.12/site-packages:${PYTHONPATH} /usr/bin/python3 -W ignore:setup.py install is deprecated -W ignore:easy_install command is deprecated setup.py develop --editable --build-directory /home/daniel/unb/droid/WORK2-2026/build/planning/build --no-deps symlink_data
